#-----------------------------------------------------------
# Vivado v2019.1 (64-bit)
# SW Build 2552052 on Fri May 24 14:49:42 MDT 2019
# IP Build 2548770 on Fri May 24 18:01:18 MDT 2019
# Start of session at: Thu Nov  9 23:12:40 2023
# Process ID: 19984
# Current directory: E:/TUK_Summer2023/Sep 08_2023/Vhdl_eduvance/lab6_Full_adder_using_Half_adders/lab6_Full_adder_using_Half_adders.runs/synth_1
# Command line: vivado.exe -log lab6_Full_adder_using_Half_adders.vds -product Vivado -mode batch -messageDb vivado.pb -notrace -source lab6_Full_adder_using_Half_adders.tcl
# Log file: E:/TUK_Summer2023/Sep 08_2023/Vhdl_eduvance/lab6_Full_adder_using_Half_adders/lab6_Full_adder_using_Half_adders.runs/synth_1/lab6_Full_adder_using_Half_adders.vds
# Journal file: E:/TUK_Summer2023/Sep 08_2023/Vhdl_eduvance/lab6_Full_adder_using_Half_adders/lab6_Full_adder_using_Half_adders.runs/synth_1\vivado.jou
#-----------------------------------------------------------
source lab6_Full_adder_using_Half_adders.tcl -notrace
